[absolvewinelounge.com/index.html]
[backblue.gif]
[fade.gif]
[index.html]
[absolvewinelounge.com/css/style.css]
[absolvewinelounge.com/css/nav-top.css]
[absolvewinelounge.com/css/js-image-slider.css]
[absolvewinelounge.com/js/js-image-slider.js]
[absolvewinelounge.com/js/ie-hover-code.js]
[absolvewinelounge.com/js/prototype.js]
[absolvewinelounge.com/js/scriptaculousb395.js]
[absolvewinelounge.com/images/flourish0.jpg]
[absolvewinelounge.com/js/mobile.js]
[absolvewinelounge.com/images/absolve-wine-lounge-logo.jpg]
[absolvewinelounge.com/index-2.html]
[absolvewinelounge.com/images/absolve-wine-lounge.jpg]
[absolvewinelounge.com/images/absolve-wine-lounge3.jpg]
[absolvewinelounge.com/images/absolve-wine-lounge2.jpg]
[absolvewinelounge.com/images/absolve-wine-lounge4.jpg]
[absolvewinelounge.com/houston-wine-bar-menu.html]
[absolvewinelounge.com/houston-wine-bar-wine-menu.html]
[absolvewinelounge.com/houston-wine-bar-happy-hour-menu.html]
[absolvewinelounge.com/houston-wine-bar-food-menu.html]
[absolvewinelounge.com/about-absolve-wine-lounge.html]
[absolvewinelounge.com/houston-wine-bar-events.html]
[absolvewinelounge.com/absolve-wine-lounge-photo-gallery.html]
[absolvewinelounge.com/index.html]
[absolvewinelounge.com/images/upload/image-680.jpg]
[absolvewinelounge.com/houston-wine-bar-contact.html]
[absolvewinelounge.com/images/wireless-frac-gauges.jpg]
[absolvewinelounge.com/images/footer.jpg]
[absolvewinelounge.com/css/style.css]
[absolvewinelounge.com/css/nav-top.css]
[absolvewinelounge.com/images/loading.gif]
[absolvewinelounge.com/css/video.png]
[absolvewinelounge.com/css/bullet.png]
[absolvewinelounge.com/css/loading.gif]
[absolvewinelounge.com/css/js-image-slider.css]
[absolvewinelounge.com/index-2.html]
[absolvewinelounge.com/images/flourish1.jpg]
[absolvewinelounge.com/houston-wine-bar-menu.html]
[absolvewinelounge.com/images/upload/image-1669.jpg]
[absolvewinelounge.com/images/upload/image-430.jpg]
[absolvewinelounge.com/images/upload/image-106.jpg]
[absolvewinelounge.com/images/upload/image-5072.jpg]
[absolvewinelounge.com/images/upload/image-6956.jpg]
[absolvewinelounge.com/null]
[absolvewinelounge.com/houston-wine-bar-wine-menu.html]
[absolvewinelounge.com/houston-wine-bar-happy-hour-menu.html]
[absolvewinelounge.com/images/upload/image-2434.jpg]
[absolvewinelounge.com/images/upload/image-4559.26.delayed]
[absolvewinelounge.com/images/upload/image-5872.jpg]
[absolvewinelounge.com/images/upload/image-8665.jpg]
[absolvewinelounge.com/images/upload/image-5652.29.delayed]
[absolvewinelounge.com/houston-wine-bar-food-menu.html]
[absolvewinelounge.com/images/flourish2.jpg]
[absolvewinelounge.com/about-absolve-wine-lounge.html]
[absolvewinelounge.com/images/flourish3.jpg]
[absolvewinelounge.com/houston-wine-bar-events.html]
[absolvewinelounge.com/js/jquery-1.10.2.min.js]
[absolvewinelounge.com/js/lightbox-2.6.min.js]
[absolvewinelounge.com/css/lightbox.css]
[absolvewinelounge.com/images/upload/image-254.jpg]
[absolvewinelounge.com/images/upload/image-254-thumb.jpg]
[absolvewinelounge.com/images/upload/image-1862.jpg]
[absolvewinelounge.com/images/upload/image-1862-thumb.jpg]
[absolvewinelounge.com/images/upload/image-2626.jpg]
[absolvewinelounge.com/images/upload/image-2626-thumb.jpg]
[absolvewinelounge.com/images/upload/image-982.jpg]
[absolvewinelounge.com/images/upload/image-982-thumb.jpg]
[absolvewinelounge.com/images/upload/image-7022.jpg]
[absolvewinelounge.com/images/upload/image-7022-thumb.jpg]
[absolvewinelounge.com/images/upload/image-1511.jpg]
[absolvewinelounge.com/images/upload/image-1511-thumb.jpg]
[absolvewinelounge.com/images/upload/image-6611.jpg]
[absolvewinelounge.com/images/upload/image-6611-thumb.jpg]
[absolvewinelounge.com/images/upload/image-8527.jpg]
[absolvewinelounge.com/images/upload/image-8527-thumb.jpg]
[absolvewinelounge.com/images/upload/image-1725.jpg]
[absolvewinelounge.com/absolve-wine-lounge-photo-gallery.html]
[absolvewinelounge.com/images/upload/image-1725-thumb.jpg]
[absolvewinelounge.com/images/flourish4.jpg]
[absolvewinelounge.com/courtneywheeler@absolvewinelounge.com]
[absolvewinelounge.com/houston-wine-bar-contact.html]
[absolvewinelounge.com/images/wireless-frac-gauges.html]
[absolvewinelounge.com/images/footer.html]
[absolvewinelounge.com/css/video.html]
[absolvewinelounge.com/css/bullet.html]
[absolvewinelounge.com/css/loading.html]
[absolvewinelounge.com/images/upload/image-1669.html]
[absolvewinelounge.com/images/upload/image-6956.html]
[absolvewinelounge.com/null.html]
[absolvewinelounge.com/images/upload/image-4559.html]
[absolvewinelounge.com/images/upload/image-5652.html]
[absolvewinelounge.com/img/close.png]
[absolvewinelounge.com/img/loading.gif]
[absolvewinelounge.com/img/prev.png]
[absolvewinelounge.com/css/lightbox.css]
[absolvewinelounge.com/img/next.png]
[absolvewinelounge.com/courtneywheeler@absolvewinelounge.html]
